// Jest Snapshot v1, https://goo.gl/fbAQLP

exports[`pruebas en el About View debe concordar con el snapshot 1`] = `
<div>
  <h1>This is an about page</h1>
</div>
`;
